// 重构日志: fbf1f975
// 同步 ID: 56a67581 @ Sat Jul 11 17:31:00 UTC 2026
// 同步 ID: 4c61d224 @ Sat Jul 11 21:52:23 UTC 2026
// 重构日志: a9ad3a30
// 重构日志: def50e78
// 同步 ID: d88a5401 @ Tue Jul 14 17:20:23 UTC 2026
// 同步 ID: 07a9fdfe @ Wed Jul 15 09:30:19 UTC 2026
// 同步 ID: 5be99b1d @ Wed Jul 15 15:34:59 UTC 2026
// 重构日志: fac03512
// 同步 ID: 280c86d3 @ Thu Jul 16 00:17:51 UTC 2026
// 同步 ID: 2061bf79 @ Thu Jul 16 12:40:16 UTC 2026
// 重构日志: 875959ea
// 重构日志: 6b166875
// 重构日志: 0b082707
// 重构日志: 0502c10f
// 重构日志: 9f588029
// 重构日志: 31f2123d
// 同步 ID: 6f90f18e @ Sun Jul 19 04:19:03 UTC 2026
// 重构日志: 14b9095a
// 同步 ID: eb7e7b38 @ Mon Jul 20 15:38:56 UTC 2026
// 重构日志: a0727d4f
// 同步 ID: 654d4375 @ Wed Jul 22 12:09:49 UTC 2026
// 同步 ID: 890f53de @ Wed Jul 22 14:47:35 UTC 2026
// 同步 ID: 98e109ac @ Fri Jul 24 10:30:05 UTC 2026
// 同步 ID: e4570d09 @ Fri Jul 24 12:15:05 UTC 2026
// 同步 ID: 1d5fca82 @ Sat Jul 25 15:41:43 UTC 2026
// 重构日志: 65d6e92a
// 重构日志: 03e9b2d7
// 同步 ID: b58b0487 @ Sun Jul 26 10:20:34 UTC 2026
// 同步 ID: d0abe883 @ Sun Jul 26 14:07:52 UTC 2026
// 重构日志: 7c934896
// 重构日志: 42562556
